[INFO] Scanning for projects...
[WARNING] Could not transfer metadata org.springframework.boot/maven-metadata.xml from/to maven-default-http-blocker (http://0.0.0.0/): Blocked mirror for repositories: [aliyun-http (http://maven.aliyun.com/repository/public, default, releases)]
[WARNING] Could not transfer metadata org.apache.maven.plugins/maven-metadata.xml from/to maven-default-http-blocker (http://0.0.0.0/): Blocked mirror for repositories: [aliyun-http (http://maven.aliyun.com/repository/public, default, releases)]
[WARNING] Could not transfer metadata org.codehaus.mojo/maven-metadata.xml from/to maven-default-http-blocker (http://0.0.0.0/): Blocked mirror for repositories: [aliyun-http (http://maven.aliyun.com/repository/public, default, releases)]
[INFO] 
[INFO] --------------------------< com.erp:erp-auth >--------------------------
[INFO] Building erp-auth 1.0.0
[INFO]   from pom.xml
[INFO] --------------------------------[ jar ]---------------------------------
[WARNING] org.springframework.boot/maven-metadata.xml failed to transfer from http://0.0.0.0/ during a previous attempt. This failure was cached in the local repository and resolution will not be reattempted until the update interval of maven-default-http-blocker has elapsed or updates are forced. Original error: Could not transfer metadata org.springframework.boot/maven-metadata.xml from/to maven-default-http-blocker (http://0.0.0.0/): Blocked mirror for repositories: [aliyun-http (http://maven.aliyun.com/repository/public, default, releases)]
[WARNING] org.apache.maven.plugins/maven-metadata.xml failed to transfer from http://0.0.0.0/ during a previous attempt. This failure was cached in the local repository and resolution will not be reattempted until the update interval of maven-default-http-blocker has elapsed or updates are forced. Original error: Could not transfer metadata org.apache.maven.plugins/maven-metadata.xml from/to maven-default-http-blocker (http://0.0.0.0/): Blocked mirror for repositories: [aliyun-http (http://maven.aliyun.com/repository/public, default, releases)]
[WARNING] org.codehaus.mojo/maven-metadata.xml failed to transfer from http://0.0.0.0/ during a previous attempt. This failure was cached in the local repository and resolution will not be reattempted until the update interval of maven-default-http-blocker has elapsed or updates are forced. Original error: Could not transfer metadata org.codehaus.mojo/maven-metadata.xml from/to maven-default-http-blocker (http://0.0.0.0/): Blocked mirror for repositories: [aliyun-http (http://maven.aliyun.com/repository/public, default, releases)]
[INFO] 
[INFO] >>> spring-boot:3.2.4:run (default-cli) > test-compile @ erp-auth >>>
[INFO] 
[INFO] --- resources:3.3.1:resources (default-resources) @ erp-auth ---
[INFO] Copying 1 resource from src\main\resources to target\classes
[INFO] 
[INFO] --- compiler:3.13.0:compile (default-compile) @ erp-auth ---
[INFO] Nothing to compile - all classes are up to date.
[INFO] 
[INFO] --- resources:3.3.1:testResources (default-testResources) @ erp-auth ---
[INFO] skip non existing resourceDirectory D:\workspace\ERP\erp-auth\src\test\resources
[INFO] 
[INFO] --- compiler:3.13.0:testCompile (default-testCompile) @ erp-auth ---
[INFO] No sources to compile
[INFO] 
[INFO] <<< spring-boot:3.2.4:run (default-cli) < test-compile @ erp-auth <<<
[INFO] 
[INFO] 
[INFO] --- spring-boot:3.2.4:run (default-cli) @ erp-auth ---
[INFO] Attaching agents: []

  .   ____          _            __ _ _
 /\\ / ___'_ __ _ _(_)_ __  __ _ \ \ \ \
( ( )\___ | '_ | '_| | '_ \/ _` | \ \ \ \
 \\/  ___)| |_)| | | | | || (_| |  ) ) ) )
  '  |____| .__|_| |_|_| |_\__, | / / / /
 =========|_|==============|___/=/_/_/_/
 :: Spring Boot ::                (v3.2.4)

2026-03-07T18:31:28.055+08:00  INFO 12988 --- [erp-auth] [           main] com.erp.auth.AuthApplication             : Starting AuthApplication using Java 21.0.10 with PID 12988 (D:\workspace\ERP\erp-auth\target\classes started by Administrator in D:\workspace\ERP\erp-auth)
2026-03-07T18:31:28.060+08:00  INFO 12988 --- [erp-auth] [           main] com.erp.auth.AuthApplication             : No active profile set, falling back to 1 default profile: "default"
2026-03-07T18:31:28.882+08:00  INFO 12988 --- [erp-auth] [           main] o.s.cloud.context.scope.GenericScope     : BeanFactory id=c5b6e2ad-fa94-3005-bfc6-a45df9b0d66f
2026-03-07T18:31:29.272+08:00  INFO 12988 --- [erp-auth] [           main] o.s.b.w.embedded.tomcat.TomcatWebServer  : Tomcat initialized with port 8081 (http)
2026-03-07T18:31:29.289+08:00  INFO 12988 --- [erp-auth] [           main] o.apache.catalina.core.StandardService   : Starting service [Tomcat]
2026-03-07T18:31:29.290+08:00  INFO 12988 --- [erp-auth] [           main] o.apache.catalina.core.StandardEngine    : Starting Servlet engine: [Apache Tomcat/10.1.19]
2026-03-07T18:31:29.381+08:00  INFO 12988 --- [erp-auth] [           main] o.a.c.c.C.[Tomcat].[localhost].[/]       : Initializing Spring embedded WebApplicationContext
2026-03-07T18:31:29.382+08:00  INFO 12988 --- [erp-auth] [           main] w.s.c.ServletWebServerApplicationContext : Root WebApplicationContext: initialization completed in 1262 ms
2026-03-07T18:31:30.741+08:00  INFO 12988 --- [erp-auth] [           main] o.s.cloud.commons.util.InetUtils         : Cannot determine local hostname
2026-03-07T18:31:42.748+08:00  WARN 12988 --- [erp-auth] [           main] .s.s.UserDetailsServiceAutoConfiguration : 

Using generated security password: c4781a3b-b23a-4bec-96f8-938784006593

This generated password is for development use only. Your security configuration must be updated before running your application in production.

2026-03-07T18:31:42.874+08:00  INFO 12988 --- [erp-auth] [           main] o.s.s.web.DefaultSecurityFilterChain     : Will secure any request with [org.springframework.security.web.session.DisableEncodeUrlFilter@48581a3b, org.springframework.security.web.context.request.async.WebAsyncManagerIntegrationFilter@531ec978, org.springframework.security.web.context.SecurityContextHolderFilter@52bd9a27, org.springframework.security.web.header.HeaderWriterFilter@1d15c0a1, org.springframework.web.filter.CorsFilter@93501be, org.springframework.security.web.csrf.CsrfFilter@4c731956, org.springframework.security.web.authentication.logout.LogoutFilter@1953bc95, org.springframework.security.web.authentication.UsernamePasswordAuthenticationFilter@2eada095, org.springframework.security.web.authentication.ui.DefaultLoginPageGeneratingFilter@7eeb38b2, org.springframework.security.web.authentication.ui.DefaultLogoutPageGeneratingFilter@11d4d979, org.springframework.security.web.authentication.www.BasicAuthenticationFilter@236fdf, org.springframework.security.web.savedrequest.RequestCacheAwareFilter@681c0ae6, org.springframework.security.web.servletapi.SecurityContextHolderAwareRequestFilter@73ca34e7, org.springframework.security.web.authentication.AnonymousAuthenticationFilter@195580ba, org.springframework.security.web.access.ExceptionTranslationFilter@7455dacb, org.springframework.security.web.access.intercept.AuthorizationFilter@4c07d1fc]
2026-03-07T18:31:43.937+08:00  INFO 12988 --- [erp-auth] [           main] o.s.cloud.commons.util.InetUtils         : Cannot determine local hostname
2026-03-07T18:31:43.991+08:00  INFO 12988 --- [erp-auth] [           main] o.s.b.w.embedded.tomcat.TomcatWebServer  : Tomcat started on port 8081 (http) with context path ''
2026-03-07T18:31:44.000+08:00  INFO 12988 --- [erp-auth] [           main] com.alibaba.nacos.client.naming          : initializer namespace from ans.namespace attribute : null
2026-03-07T18:31:44.001+08:00  INFO 12988 --- [erp-auth] [           main] com.alibaba.nacos.client.naming          : initializer namespace from ALIBABA_ALIWARE_NAMESPACE attribute :null
2026-03-07T18:31:44.002+08:00  INFO 12988 --- [erp-auth] [           main] com.alibaba.nacos.client.naming          : initializer namespace from namespace attribute :null
2026-03-07T18:31:44.008+08:00  INFO 12988 --- [erp-auth] [       Thread-3] c.a.n.c.a.r.identify.CredentialWatcher   : null No credential found
2026-03-07T18:31:44.017+08:00  INFO 12988 --- [erp-auth] [           main] com.alibaba.nacos.client.naming          : FailoverDataSource type is class com.alibaba.nacos.client.naming.backups.datasource.DiskFailoverDataSource
2026-03-07T18:31:44.029+08:00  INFO 12988 --- [erp-auth] [           main] c.alibaba.nacos.client.utils.ParamUtil   : [settings] [req-serv] nacos-server port:8848
2026-03-07T18:31:44.029+08:00  INFO 12988 --- [erp-auth] [           main] c.alibaba.nacos.client.utils.ParamUtil   : [settings] [http-client] connect timeout:1000
2026-03-07T18:31:44.030+08:00  INFO 12988 --- [erp-auth] [           main] c.alibaba.nacos.client.utils.ParamUtil   : PER_TASK_CONFIG_SIZE: 3000.0
2026-03-07T18:31:44.035+08:00  INFO 12988 --- [erp-auth] [           main] c.a.n.p.a.s.c.ClientAuthPluginManager    : [ClientAuthPluginManager] Load ClientAuthService com.alibaba.nacos.client.auth.impl.NacosClientAuthServiceImpl success.
2026-03-07T18:31:44.035+08:00  INFO 12988 --- [erp-auth] [           main] c.a.n.p.a.s.c.ClientAuthPluginManager    : [ClientAuthPluginManager] Load ClientAuthService com.alibaba.nacos.client.auth.ram.RamClientAuthServiceImpl success.
2026-03-07T18:31:44.044+08:00  INFO 12988 --- [erp-auth] [           main] com.alibaba.nacos.common.remote.client   : [RpcClientFactory] create a new rpc client of ad0a9fcb-ff39-4b47-9877-775ed15624ac
2026-03-07T18:31:44.066+08:00  INFO 12988 --- [erp-auth] [           main] com.alibaba.nacos.client.naming          : Create naming rpc client for uuid->ad0a9fcb-ff39-4b47-9877-775ed15624ac
2026-03-07T18:31:44.067+08:00  INFO 12988 --- [erp-auth] [           main] com.alibaba.nacos.common.remote.client   : [ad0a9fcb-ff39-4b47-9877-775ed15624ac] RpcClient init, ServerListFactory = com.alibaba.nacos.client.naming.core.ServerListManager
2026-03-07T18:31:44.067+08:00  INFO 12988 --- [erp-auth] [           main] com.alibaba.nacos.common.remote.client   : [ad0a9fcb-ff39-4b47-9877-775ed15624ac] Registry connection listener to current client:com.alibaba.nacos.client.naming.remote.gprc.redo.NamingGrpcRedoService
2026-03-07T18:31:44.067+08:00  INFO 12988 --- [erp-auth] [           main] com.alibaba.nacos.common.remote.client   : [ad0a9fcb-ff39-4b47-9877-775ed15624ac] Register server push request handler:com.alibaba.nacos.client.naming.remote.gprc.NamingPushRequestHandler
2026-03-07T18:31:44.069+08:00  INFO 12988 --- [erp-auth] [           main] com.alibaba.nacos.common.remote.client   : [ad0a9fcb-ff39-4b47-9877-775ed15624ac] Try to connect to server on start up, server: {serverIp = '127.0.0.1', server main port = 8848}
2026-03-07T18:31:44.107+08:00  INFO 12988 --- [erp-auth] [           main] c.a.n.c.remote.client.grpc.GrpcClient    : grpc client connection server:127.0.0.1 ip,serverPort:9848,grpcTslConfig:{"sslProvider":"","enableTls":false,"mutualAuthEnable":false,"trustAll":false}
2026-03-07T18:31:44.795+08:00  INFO 12988 --- [erp-auth] [           main] c.a.n.c.a.AbstractAbilityControlManager  : Ready to get current node abilities...
2026-03-07T18:31:44.796+08:00  INFO 12988 --- [erp-auth] [           main] c.a.n.c.a.AbstractAbilityControlManager  : Ready to initialize current node abilities, support modes: [SDK_CLIENT]
2026-03-07T18:31:44.796+08:00  INFO 12988 --- [erp-auth] [           main] c.a.n.c.a.AbstractAbilityControlManager  : Initialize current abilities finish...
2026-03-07T18:31:44.797+08:00  INFO 12988 --- [erp-auth] [           main] c.a.n.c.a.d.NacosAbilityManagerHolder    : [AbilityControlManager] Successfully initialize AbilityControlManager
2026-03-07T18:31:44.826+08:00  INFO 12988 --- [erp-auth] [           main] com.alibaba.nacos.common.remote.client   : [ad0a9fcb-ff39-4b47-9877-775ed15624ac] Success to connect to server [127.0.0.1:8848] on start up, connectionId = 1772879504675_127.0.0.1_56857
2026-03-07T18:31:44.827+08:00  INFO 12988 --- [erp-auth] [           main] com.alibaba.nacos.common.remote.client   : [ad0a9fcb-ff39-4b47-9877-775ed15624ac] Register server push request handler:com.alibaba.nacos.common.remote.client.RpcClient$ConnectResetRequestHandler
2026-03-07T18:31:44.827+08:00  INFO 12988 --- [erp-auth] [remote.worker.0] com.alibaba.nacos.common.remote.client   : [ad0a9fcb-ff39-4b47-9877-775ed15624ac] Notify connected event to listeners.
2026-03-07T18:31:44.827+08:00  INFO 12988 --- [erp-auth] [remote.worker.0] com.alibaba.nacos.client.naming          : Grpc connection connect
2026-03-07T18:31:44.827+08:00  INFO 12988 --- [erp-auth] [           main] com.alibaba.nacos.common.remote.client   : [ad0a9fcb-ff39-4b47-9877-775ed15624ac] Register server push request handler:com.alibaba.nacos.common.remote.client.RpcClient$$Lambda/0x000002c991624fa0
2026-03-07T18:31:44.829+08:00  INFO 12988 --- [erp-auth] [           main] com.alibaba.nacos.client.naming          : [REGISTER-SERVICE] public registering service erp-auth with instance Instance{instanceId='null', ip='192.168.0.43', port=8081, weight=1.0, healthy=true, enabled=true, ephemeral=true, clusterName='DEFAULT', serviceName='null', metadata={IPv6=[240e:36f:9ae:9770:e0a3:411f:eebb:4ae9], preserved.register.source=SPRING_CLOUD}}
2026-03-07T18:31:44.847+08:00  INFO 12988 --- [erp-auth] [           main] c.a.c.n.registry.NacosServiceRegistry    : nacos registry, DEFAULT_GROUP erp-auth 192.168.0.43:8081 register finished
2026-03-07T18:31:45.858+08:00  INFO 12988 --- [erp-auth] [           main] o.s.cloud.commons.util.InetUtils         : Cannot determine local hostname
2026-03-07T18:31:45.876+08:00  INFO 12988 --- [erp-auth] [           main] com.erp.auth.AuthApplication             : Started AuthApplication in 19.376 seconds (process running for 19.78)
^C