[INFO] Scanning for projects...
[WARNING] Could not transfer metadata org.springframework.boot/maven-metadata.xml from/to maven-default-http-blocker (http://0.0.0.0/): Blocked mirror for repositories: [aliyun-http (http://maven.aliyun.com/repository/public, default, releases)]
[WARNING] Could not transfer metadata org.apache.maven.plugins/maven-metadata.xml from/to maven-default-http-blocker (http://0.0.0.0/): Blocked mirror for repositories: [aliyun-http (http://maven.aliyun.com/repository/public, default, releases)]
[WARNING] Could not transfer metadata org.codehaus.mojo/maven-metadata.xml from/to maven-default-http-blocker (http://0.0.0.0/): Blocked mirror for repositories: [aliyun-http (http://maven.aliyun.com/repository/public, default, releases)]
[INFO] 
[INFO] -------------------------< com.erp:erp-system >-------------------------
[INFO] Building erp-system 1.0.0
[INFO]   from pom.xml
[INFO] --------------------------------[ jar ]---------------------------------
[WARNING] org.springframework.boot/maven-metadata.xml failed to transfer from http://0.0.0.0/ during a previous attempt. This failure was cached in the local repository and resolution will not be reattempted until the update interval of maven-default-http-blocker has elapsed or updates are forced. Original error: Could not transfer metadata org.springframework.boot/maven-metadata.xml from/to maven-default-http-blocker (http://0.0.0.0/): Blocked mirror for repositories: [aliyun-http (http://maven.aliyun.com/repository/public, default, releases)]
[WARNING] org.apache.maven.plugins/maven-metadata.xml failed to transfer from http://0.0.0.0/ during a previous attempt. This failure was cached in the local repository and resolution will not be reattempted until the update interval of maven-default-http-blocker has elapsed or updates are forced. Original error: Could not transfer metadata org.apache.maven.plugins/maven-metadata.xml from/to maven-default-http-blocker (http://0.0.0.0/): Blocked mirror for repositories: [aliyun-http (http://maven.aliyun.com/repository/public, default, releases)]
[WARNING] org.codehaus.mojo/maven-metadata.xml failed to transfer from http://0.0.0.0/ during a previous attempt. This failure was cached in the local repository and resolution will not be reattempted until the update interval of maven-default-http-blocker has elapsed or updates are forced. Original error: Could not transfer metadata org.codehaus.mojo/maven-metadata.xml from/to maven-default-http-blocker (http://0.0.0.0/): Blocked mirror for repositories: [aliyun-http (http://maven.aliyun.com/repository/public, default, releases)]
[INFO] 
[INFO] >>> spring-boot:3.2.4:run (default-cli) > test-compile @ erp-system >>>
[INFO] 
[INFO] --- resources:3.3.1:resources (default-resources) @ erp-system ---
[INFO] Copying 2 resources from src\main\resources to target\classes
[INFO] 
[INFO] --- compiler:3.13.0:compile (default-compile) @ erp-system ---
[INFO] Nothing to compile - all classes are up to date.
[INFO] 
[INFO] --- resources:3.3.1:testResources (default-testResources) @ erp-system ---
[INFO] skip non existing resourceDirectory D:\workspace\ERP\erp-modules\erp-system\src\test\resources
[INFO] 
[INFO] --- compiler:3.13.0:testCompile (default-testCompile) @ erp-system ---
[INFO] No sources to compile
[INFO] 
[INFO] <<< spring-boot:3.2.4:run (default-cli) < test-compile @ erp-system <<<
[INFO] 
[INFO] 
[INFO] --- spring-boot:3.2.4:run (default-cli) @ erp-system ---
[INFO] Attaching agents: []

  .   ____          _            __ _ _
 /\\ / ___'_ __ _ _(_)_ __  __ _ \ \ \ \
( ( )\___ | '_ | '_| | '_ \/ _` | \ \ \ \
 \\/  ___)| |_)| | | | | || (_| |  ) ) ) )
  '  |____| .__|_| |_|_| |_\__, | / / / /
 =========|_|==============|___/=/_/_/_/
 :: Spring Boot ::                (v3.2.4)

2026-03-07T19:01:25.202+08:00  INFO 35012 --- [erp-system] [           main] com.erp.system.SystemApplication         : Starting SystemApplication using Java 21.0.10 with PID 35012 (D:\workspace\ERP\erp-modules\erp-system\target\classes started by Administrator in D:\workspace\ERP\erp-modules\erp-system)
2026-03-07T19:01:25.205+08:00  INFO 35012 --- [erp-system] [           main] com.erp.system.SystemApplication         : No active profile set, falling back to 1 default profile: "default"
2026-03-07T19:01:25.255+08:00  INFO 35012 --- [erp-system] [           main] c.a.c.n.c.NacosConfigDataLoader          : [Nacos Config] Load config[dataId=erp-system.yml, group=DEFAULT_GROUP] success
2026-03-07T19:01:26.339+08:00  INFO 35012 --- [erp-system] [           main] o.s.cloud.context.scope.GenericScope     : BeanFactory id=ef7f241d-4224-3516-8036-3bc2914ebb3f
2026-03-07T19:01:26.775+08:00  INFO 35012 --- [erp-system] [           main] o.s.b.w.embedded.tomcat.TomcatWebServer  : Tomcat initialized with port 8082 (http)
2026-03-07T19:01:26.789+08:00  INFO 35012 --- [erp-system] [           main] o.apache.catalina.core.StandardService   : Starting service [Tomcat]
2026-03-07T19:01:26.789+08:00  INFO 35012 --- [erp-system] [           main] o.apache.catalina.core.StandardEngine    : Starting Servlet engine: [Apache Tomcat/10.1.19]
2026-03-07T19:01:26.883+08:00  INFO 35012 --- [erp-system] [           main] o.a.c.c.C.[Tomcat].[localhost].[/]       : Initializing Spring embedded WebApplicationContext
2026-03-07T19:01:26.884+08:00  INFO 35012 --- [erp-system] [           main] w.s.c.ServletWebServerApplicationContext : Root WebApplicationContext: initialization completed in 1626 ms
2026-03-07T19:01:27.034+08:00  INFO 35012 --- [erp-system] [           main] com.zaxxer.hikari.HikariDataSource       : HikariPool-1 - Starting...
2026-03-07T19:01:27.216+08:00  INFO 35012 --- [erp-system] [           main] com.zaxxer.hikari.pool.HikariPool        : HikariPool-1 - Added connection com.mysql.cj.jdbc.ConnectionImpl@59e0d521
2026-03-07T19:01:27.218+08:00  INFO 35012 --- [erp-system] [           main] com.zaxxer.hikari.HikariDataSource       : HikariPool-1 - Start completed.
 _ _   |_  _ _|_. ___ _ |    _ 
| | |\/|_)(_| | |_\  |_)||_|_\ 
     /               |         
                        3.5.5 
2026-03-07T19:01:27.790+08:00  WARN 35012 --- [erp-system] [           main] c.b.m.core.metadata.TableInfoHelper      : Can not find table primary key in Class: "com.erp.system.domain.SysUserRole".
2026-03-07T19:01:27.795+08:00  WARN 35012 --- [erp-system] [           main] c.b.m.core.injector.DefaultSqlInjector   : class com.erp.system.domain.SysUserRole ,Not found @TableId annotation, Cannot use Mybatis-Plus 'xxById' Method.
2026-03-07T19:01:28.209+08:00  WARN 35012 --- [erp-system] [           main] c.b.m.core.metadata.TableInfoHelper      : Can not find table primary key in Class: "com.erp.system.domain.SysRoleMenu".
2026-03-07T19:01:28.210+08:00  WARN 35012 --- [erp-system] [           main] c.b.m.core.injector.DefaultSqlInjector   : class com.erp.system.domain.SysRoleMenu ,Not found @TableId annotation, Cannot use Mybatis-Plus 'xxById' Method.
2026-03-07T19:01:28.909+08:00  INFO 35012 --- [erp-system] [           main] o.s.s.web.DefaultSecurityFilterChain     : Will secure any request with [org.springframework.security.web.session.DisableEncodeUrlFilter@1dadd172, org.springframework.security.web.context.request.async.WebAsyncManagerIntegrationFilter@33c9f1ac, org.springframework.security.web.context.SecurityContextHolderFilter@6b15e68c, org.springframework.security.web.header.HeaderWriterFilter@541897c6, org.springframework.web.filter.CorsFilter@4070c4ff, org.springframework.security.web.authentication.logout.LogoutFilter@71eafb64, com.erp.system.security.filter.JwtAuthenticationFilter@ae3c140, org.springframework.security.web.savedrequest.RequestCacheAwareFilter@8dbf0f2, org.springframework.security.web.servletapi.SecurityContextHolderAwareRequestFilter@59d0fac9, org.springframework.security.web.authentication.AnonymousAuthenticationFilter@4bceac99, org.springframework.security.web.session.SessionManagementFilter@1826475, org.springframework.security.web.access.ExceptionTranslationFilter@8167f57, org.springframework.security.web.access.intercept.AuthorizationFilter@1906f982]
2026-03-07T19:01:30.115+08:00  INFO 35012 --- [erp-system] [           main] o.s.cloud.commons.util.InetUtils         : Cannot determine local hostname
2026-03-07T19:01:43.276+08:00  INFO 35012 --- [erp-system] [           main] o.s.cloud.commons.util.InetUtils         : Cannot determine local hostname
2026-03-07T19:01:43.333+08:00  INFO 35012 --- [erp-system] [           main] o.s.b.w.embedded.tomcat.TomcatWebServer  : Tomcat started on port 8082 (http) with context path ''
2026-03-07T19:01:43.340+08:00  INFO 35012 --- [erp-system] [           main] com.alibaba.nacos.client.naming          : initializer namespace from ans.namespace attribute : null
2026-03-07T19:01:43.341+08:00  INFO 35012 --- [erp-system] [           main] com.alibaba.nacos.client.naming          : initializer namespace from ALIBABA_ALIWARE_NAMESPACE attribute :null
2026-03-07T19:01:43.341+08:00  INFO 35012 --- [erp-system] [           main] com.alibaba.nacos.client.naming          : initializer namespace from namespace attribute :null
2026-03-07T19:01:43.349+08:00  INFO 35012 --- [erp-system] [           main] com.alibaba.nacos.client.naming          : FailoverDataSource type is class com.alibaba.nacos.client.naming.backups.datasource.DiskFailoverDataSource
2026-03-07T19:01:43.370+08:00  INFO 35012 --- [erp-system] [           main] c.a.n.p.a.s.c.ClientAuthPluginManager    : [ClientAuthPluginManager] Load ClientAuthService com.alibaba.nacos.client.auth.impl.NacosClientAuthServiceImpl success.
2026-03-07T19:01:43.371+08:00  INFO 35012 --- [erp-system] [           main] c.a.n.p.a.s.c.ClientAuthPluginManager    : [ClientAuthPluginManager] Load ClientAuthService com.alibaba.nacos.client.auth.ram.RamClientAuthServiceImpl success.
2026-03-07T19:01:43.377+08:00  INFO 35012 --- [erp-system] [           main] com.alibaba.nacos.common.remote.client   : [RpcClientFactory] create a new rpc client of 124f75c5-016e-4e96-bfc3-825cf57f51f8
2026-03-07T19:01:43.379+08:00  INFO 35012 --- [erp-system] [           main] com.alibaba.nacos.client.naming          : Create naming rpc client for uuid->124f75c5-016e-4e96-bfc3-825cf57f51f8
2026-03-07T19:01:43.379+08:00  INFO 35012 --- [erp-system] [           main] com.alibaba.nacos.common.remote.client   : [124f75c5-016e-4e96-bfc3-825cf57f51f8] RpcClient init, ServerListFactory = com.alibaba.nacos.client.naming.core.ServerListManager
2026-03-07T19:01:43.380+08:00  INFO 35012 --- [erp-system] [           main] com.alibaba.nacos.common.remote.client   : [124f75c5-016e-4e96-bfc3-825cf57f51f8] Registry connection listener to current client:com.alibaba.nacos.client.naming.remote.gprc.redo.NamingGrpcRedoService
2026-03-07T19:01:43.380+08:00  INFO 35012 --- [erp-system] [           main] com.alibaba.nacos.common.remote.client   : [124f75c5-016e-4e96-bfc3-825cf57f51f8] Register server push request handler:com.alibaba.nacos.client.naming.remote.gprc.NamingPushRequestHandler
2026-03-07T19:01:43.381+08:00  INFO 35012 --- [erp-system] [           main] com.alibaba.nacos.common.remote.client   : [124f75c5-016e-4e96-bfc3-825cf57f51f8] Try to connect to server on start up, server: {serverIp = '127.0.0.1', server main port = 8848}
2026-03-07T19:01:43.381+08:00  INFO 35012 --- [erp-system] [           main] c.a.n.c.remote.client.grpc.GrpcClient    : grpc client connection server:127.0.0.1 ip,serverPort:9848,grpcTslConfig:{"sslProvider":"","enableTls":false,"mutualAuthEnable":false,"trustAll":false}
2026-03-07T19:01:43.394+08:00  INFO 35012 --- [erp-system] [           main] com.alibaba.nacos.common.remote.client   : [124f75c5-016e-4e96-bfc3-825cf57f51f8] Success to connect to server [127.0.0.1:8848] on start up, connectionId = 1772881303386_127.0.0.1_61945
2026-03-07T19:01:43.395+08:00  INFO 35012 --- [erp-system] [           main] com.alibaba.nacos.common.remote.client   : [124f75c5-016e-4e96-bfc3-825cf57f51f8] Register server push request handler:com.alibaba.nacos.common.remote.client.RpcClient$ConnectResetRequestHandler
2026-03-07T19:01:43.395+08:00  INFO 35012 --- [erp-system] [remote.worker.0] com.alibaba.nacos.common.remote.client   : [124f75c5-016e-4e96-bfc3-825cf57f51f8] Notify connected event to listeners.
2026-03-07T19:01:43.395+08:00  INFO 35012 --- [erp-system] [           main] com.alibaba.nacos.common.remote.client   : [124f75c5-016e-4e96-bfc3-825cf57f51f8] Register server push request handler:com.alibaba.nacos.common.remote.client.RpcClient$$Lambda/0x000002af01335498
2026-03-07T19:01:43.395+08:00  INFO 35012 --- [erp-system] [remote.worker.0] com.alibaba.nacos.client.naming          : Grpc connection connect
2026-03-07T19:01:43.396+08:00  INFO 35012 --- [erp-system] [           main] com.alibaba.nacos.client.naming          : [REGISTER-SERVICE] public registering service erp-system with instance Instance{instanceId='null', ip='192.168.0.43', port=8082, weight=1.0, healthy=true, enabled=true, ephemeral=true, clusterName='DEFAULT', serviceName='null', metadata={IPv6=[240e:36f:9ae:9770:e0a3:411f:eebb:4ae9], preserved.register.source=SPRING_CLOUD}}
2026-03-07T19:01:43.408+08:00  INFO 35012 --- [erp-system] [           main] c.a.c.n.registry.NacosServiceRegistry    : nacos registry, DEFAULT_GROUP erp-system 192.168.0.43:8082 register finished
2026-03-07T19:01:44.426+08:00  INFO 35012 --- [erp-system] [           main] o.s.cloud.commons.util.InetUtils         : Cannot determine local hostname
2026-03-07T19:01:44.447+08:00  INFO 35012 --- [erp-system] [           main] com.erp.system.SystemApplication         : Started SystemApplication in 22.046 seconds (process running for 22.469)
2026-03-07T19:01:44.460+08:00  INFO 35012 --- [erp-system] [           main] c.a.nacos.client.config.impl.CacheData   : config listener notify warn timeout millis use default 60000 millis 
2026-03-07T19:01:44.460+08:00  INFO 35012 --- [erp-system] [           main] c.a.nacos.client.config.impl.CacheData   : nacos.cache.data.init.snapshot = true 
2026-03-07T19:01:44.461+08:00  INFO 35012 --- [erp-system] [           main] c.a.n.client.config.impl.ClientWorker    : [fixed-127.0.0.1_8848] [subscribe] erp-system.yml+DEFAULT_GROUP
2026-03-07T19:01:44.470+08:00  INFO 35012 --- [erp-system] [           main] c.a.nacos.client.config.impl.CacheData   : [fixed-127.0.0.1_8848] [add-listener] ok, tenant=, dataId=erp-system.yml, group=DEFAULT_GROUP, cnt=1
2026-03-07T19:01:44.470+08:00  INFO 35012 --- [erp-system] [           main] c.a.c.n.refresh.NacosContextRefresher    : [Nacos Config] Listening config: dataId=erp-system.yml, group=DEFAULT_GROUP
2026-03-07T19:01:46.712+08:00  INFO 35012 --- [erp-system] [nio-8082-exec-1] o.a.c.c.C.[Tomcat].[localhost].[/]       : Initializing Spring DispatcherServlet 'dispatcherServlet'
2026-03-07T19:01:46.712+08:00  INFO 35012 --- [erp-system] [nio-8082-exec-1] o.s.web.servlet.DispatcherServlet        : Initializing Servlet 'dispatcherServlet'
2026-03-07T19:01:46.714+08:00  INFO 35012 --- [erp-system] [nio-8082-exec-1] o.s.web.servlet.DispatcherServlet        : Completed initialization in 2 ms
